// Jest Snapshot v1, https://goo.gl/fbAQLP

exports[`CheckBox should render 1`] = `
Array [
  <input
    checked=""
    id=""
    name=""
    onChange={[MockFunction]}
    type="checkbox"
  />,
  <label
    htmlFor=""
  >
    
  </label>,
]
`;
