// Jest Snapshot v1, https://goo.gl/fbAQLP

exports[`Input should render 1`] = `
Array [
  <label
    htmlFor=""
  >
    
  </label>,
  <input
    id=""
    name=""
    onChange={[MockFunction]}
    placeholder=""
    type=""
    value=""
  />,
]
`;
